<?xml version="1.0" encoding="utf-8"?><testsuites><testsuite name="pytest" errors="0" failures="0" skipped="0" tests="11" time="4.314" timestamp="2024-07-02T07:05:57.353606" hostname="Johns-MacBook-Pro.local"><testcase classname="tests.test_api" name="test_authentication" time="0.240" /><testcase classname="tests.test_api" name="test_endpoint" time="0.277" /><testcase classname="tests.test_api" name="test_urls_from_channel" time="1.118" /><testcase classname="tests.test_api" name="test_url_validation" time="0.001" /><testcase classname="tests.test_api" name="test_save_summaries" time="0.000" /><testcase classname="tests.test_api" name="test_api_response" time="0.000" /><testcase classname="tests.test_api" name="test_transcription" time="0.000" /><testcase classname="tests.test_api" name="test_genai_summary" time="0.000" /><testcase classname="tests.test_extract_transcript" name="test_get_video" time="0.000" /><testcase classname="tests.test_extract_transcript" name="test_get_transcript_from_db" time="0.030" /><testcase classname="tests.test_extract_transcript" name="test_get_video_transcript" time="1.236" /></testsuite></testsuites>